primer_detected,total_num_primers,primer_numreads,primer_unique_numreads,primer_ambiguous_numreads
Midnight-ONT_V2,4,0,0,0
ARTIC_V4,4,3,2,1
