SAMPLE_ID,COL1,COL2
a,1,nine
b,2,eight
c,3,seven
d,4,six
