taxon,lineage,conflict,ambiguity_score,scorpio_call,scorpio_support,scorpio_conflict,scorpio_notes,version,pangolin_version,scorpio_version,constellation_version,is_designated,qc_status,qc_notes,note
0c0b5622-d63a-42cc-a804-13d71e1a5306,B.1.369,0.0,,,,,,PUSHER-v1.9,4.0.2,0.3.16,v0.1.4,False,pass,Ambiguous_content:0.03,Usher placements: B.1.369(1/1)
39330daf-8dc6-4faa-a2d0-a2c1c909ab3b,B.1,0.0,,,,,,PUSHER-v1.9,4.0.2,0.3.16,v0.1.4,False,pass,Ambiguous_content:0.03,Usher placements: B.1(2/2)
