taxon,lineage,conflict,ambiguity_score,scorpio_call,scorpio_support,scorpio_conflict,scorpio_notes,version,pangolin_version,scorpio_version,constellation_version,is_designated,qc_status,qc_notes,note
da21af14-1c19-486a-af1f-69d3abd9ef4c,B.1.1.7,0.0,,Alpha (B.1.1.7-like),0.96,0.04,scorpio call: Alt alleles 22; Ref alleles 1; Amb alleles 0; Oth alleles 0,PUSHER-v1.8,4.0.2,0.3.16,v0.1.4,False,pass,Ambiguous_content:0.02,Usher placements: B.1.1.7(4/4)
642050e5-8186-4ca1-bdc2-ccd90b7579be,B.1.1.7,0.0,,Alpha (B.1.1.7-like),0.96,0.04,scorpio call: Alt alleles 22; Ref alleles 1; Amb alleles 0; Oth alleles 0,PUSHER-v1.8,4.0.2,0.3.16,v0.1.4,False,pass,Ambiguous_content:0.02,Usher placements: B.1.1.7(4/4)
b8cb970e-8606-41a4-a8f4-ed4410d2d7b4,B.1.1.7,0.0,,Alpha (B.1.1.7-like),0.96,0.04,scorpio call: Alt alleles 22; Ref alleles 1; Amb alleles 0; Oth alleles 0,PUSHER-v1.8,4.0.2,0.3.16,v0.1.4,False,pass,Ambiguous_content:0.02,Usher placements: B.1.1.7(4/4)
7de25d02-c619-4666-892d-70483027d407,B.1.1.7,0.0,,Alpha (B.1.1.7-like),0.96,0.04,scorpio call: Alt alleles 22; Ref alleles 1; Amb alleles 0; Oth alleles 0,PUSHER-v1.8,4.0.2,0.3.16,v0.1.4,False,pass,Ambiguous_content:0.02,Usher placements: B.1.1.7(4/4)
117c2f8f-bcfa-48a9-8235-61ba5ad28043,B.1.1.7,0.0,,Alpha (B.1.1.7-like),0.96,0.04,scorpio call: Alt alleles 22; Ref alleles 1; Amb alleles 0; Oth alleles 0,PUSHER-v1.8,4.0.2,0.3.16,v0.1.4,False,pass,Ambiguous_content:0.02,Usher placements: B.1.1.7(5/5)
ea26505f-c6a8-4ebb-b95e-a53b18f58b97,B.1.1.7,0.0,,Alpha (B.1.1.7-like),0.96,0.04,scorpio call: Alt alleles 22; Ref alleles 1; Amb alleles 0; Oth alleles 0,PUSHER-v1.8,4.0.2,0.3.16,v0.1.4,False,pass,Ambiguous_content:0.02,Usher placements: B.1.1.7(3/3)
2239351e-06b1-44cc-bf1d-047ac5814ebb,B.1.1.7,0.0,,Alpha (B.1.1.7-like),0.96,0.04,scorpio call: Alt alleles 22; Ref alleles 1; Amb alleles 0; Oth alleles 0,PUSHER-v1.8,4.0.2,0.3.16,v0.1.4,False,pass,Ambiguous_content:0.02,Usher placements: B.1.1.7(5/5)
d85cb4e4-8a5e-4111-9649-50afff77e68c,B.1.1.7,0.0,,Alpha (B.1.1.7-like),0.96,0.04,scorpio call: Alt alleles 22; Ref alleles 1; Amb alleles 0; Oth alleles 0,PUSHER-v1.8,4.0.2,0.3.16,v0.1.4,False,pass,Ambiguous_content:0.02,Usher placements: B.1.1.7(1/1)
28c39552-b9cf-4617-bcfc-18d2a63ef3e9,B.1.1.7,0.0,,Alpha (B.1.1.7-like),0.96,0.04,scorpio call: Alt alleles 22; Ref alleles 1; Amb alleles 0; Oth alleles 0,PANGO-v1.8,4.0.2,0.3.16,v0.1.4,True,pass,Ambiguous_content:0.02,Assigned from designation hash.
9b02db37-232a-4916-83a0-1a12857e5949,B.1.1.7,0.0,,Alpha (B.1.1.7-like),0.96,0.04,scorpio call: Alt alleles 22; Ref alleles 1; Amb alleles 0; Oth alleles 0,PANGO-v1.8,4.0.2,0.3.16,v0.1.4,True,pass,Ambiguous_content:0.02,Assigned from designation hash.
e693f1cd-4440-452e-86e2-cec27da4e460,AY.120,0.0,,Delta (B.1.617.2-like),1.0,0.0,scorpio call: Alt alleles 13; Ref alleles 0; Amb alleles 0; Oth alleles 0,PUSHER-v1.8,4.0.2,0.3.16,v0.1.4,False,pass,Ambiguous_content:0.02,Usher placements: AY.120(1/1)
0f5960d2-fc71-4b10-a6ff-f81dab81a1f2,AY.4.2,0.0,,Delta (AY.4.2-like),0.97,0.0,scorpio call: Alt alleles 34; Ref alleles 0; Amb alleles 1; Oth alleles 0,PUSHER-v1.8,4.0.2,0.3.16,v0.1.4,False,pass,Ambiguous_content:0.02,Usher placements: AY.4.2(2/2)
f717f7c9-efa5-4347-b44b-3d7b20c9a7ba,AY.6,0.0,,Delta (B.1.617.2-like),0.77,0.0,scorpio call: Alt alleles 10; Ref alleles 0; Amb alleles 3; Oth alleles 0,PUSHER-v1.8,4.0.2,0.3.16,v0.1.4,False,pass,Ambiguous_content:0.03,Usher placements: AY.6(2/2)
1ec1dbef-ddfa-4437-9f9c-8b2932b43a7d,AY.4,0.5,,Delta (AY.4-like),0.97,0.0,scorpio call: Alt alleles 31; Ref alleles 0; Amb alleles 1; Oth alleles 0,PUSHER-v1.8,4.0.2,0.3.16,v0.1.4,False,pass,Ambiguous_content:0.02,Usher placements: AY.120(1/2) AY.4(1/2)
21ac81bf-61cd-48a8-a338-a2ecf83a270b,AY.4.2,0.0,,Delta (AY.4.2-like),0.97,0.0,scorpio call: Alt alleles 34; Ref alleles 0; Amb alleles 1; Oth alleles 0,PUSHER-v1.8,4.0.2,0.3.16,v0.1.4,False,pass,Ambiguous_content:0.02,Usher placements: AY.4.2(1/1)
02114fc8-a827-4f3e-9cc8-4e6ec6b5fb70,AY.98,0.0,,Delta (B.1.617.2-like),1.0,0.0,scorpio call: Alt alleles 13; Ref alleles 0; Amb alleles 0; Oth alleles 0,PUSHER-v1.8,4.0.2,0.3.16,v0.1.4,False,pass,Ambiguous_content:0.04,Usher placements: AY.98(1/1)
dac2280a-73bf-4e92-bfcb-dd18c7f5d8a1,AY.4,0.0,,Delta (AY.4-like),0.94,0.0,scorpio call: Alt alleles 30; Ref alleles 0; Amb alleles 2; Oth alleles 0,PUSHER-v1.8,4.0.2,0.3.16,v0.1.4,False,pass,Ambiguous_content:0.03,Usher placements: AY.4(1/1)
d4398ec9-6ad8-4dea-9663-c6cd168f8513,AY.4,0.0,,Delta (AY.4-like),0.94,0.0,scorpio call: Alt alleles 30; Ref alleles 0; Amb alleles 2; Oth alleles 0,PUSHER-v1.8,4.0.2,0.3.16,v0.1.4,False,pass,Ambiguous_content:0.07,Usher placements: AY.4(1/1)
483ef25c-4cb9-47f9-b5db-f9a505ff8cb4,AY.43,0.0,,Delta (B.1.617.2-like),1.0,0.0,scorpio call: Alt alleles 13; Ref alleles 0; Amb alleles 0; Oth alleles 0,PUSHER-v1.8,4.0.2,0.3.16,v0.1.4,False,pass,Ambiguous_content:0.04,Usher placements: AY.43(1/1)
5ba0c7f2-9547-4017-b7e9-99d18e9d251f,AY.4,0.0,,Delta (AY.4-like),0.97,0.0,scorpio call: Alt alleles 31; Ref alleles 0; Amb alleles 1; Oth alleles 0,PUSHER-v1.8,4.0.2,0.3.16,v0.1.4,False,pass,Ambiguous_content:0.02,Usher placements: AY.4(1/1)
01c73452-55a6-4b7d-a975-4db9ef71396d,BA.1.15,0.0,,Omicron (BA.1-like),0.92,0.02,scorpio call: Alt alleles 54; Ref alleles 1; Amb alleles 1; Oth alleles 3,PUSHER-v1.8,4.0.2,0.3.16,v0.1.4,False,pass,Ambiguous_content:0.02,Usher placements: BA.1.15(1/1)
f45cb040-8627-4daa-987c-788c1adf03c1,BA.1.17.2,0.0,,Omicron (BA.1-like),0.92,0.0,scorpio call: Alt alleles 54; Ref alleles 0; Amb alleles 2; Oth alleles 3,PUSHER-v1.8,4.0.2,0.3.16,v0.1.4,False,pass,Ambiguous_content:0.02,Usher placements: BA.1.17.2(1/1)
79223c23-757f-49bf-a84c-cb87bc1b7a68,BA.1.17.2,0.0,,Omicron (BA.1-like),0.92,0.0,scorpio call: Alt alleles 54; Ref alleles 0; Amb alleles 2; Oth alleles 3,PUSHER-v1.8,4.0.2,0.3.16,v0.1.4,False,pass,Ambiguous_content:0.02,Usher placements: BA.1.17.2(1/1)
b4862d48-a138-4833-91bd-be74e9019483,BA.1.1.1,0.0,,Omicron (BA.1-like),0.9,0.02,scorpio call: Alt alleles 53; Ref alleles 1; Amb alleles 2; Oth alleles 3,PUSHER-v1.8,4.0.2,0.3.16,v0.1.4,False,pass,Ambiguous_content:0.05,Usher placements: BA.1.1.1(1/1)
e6e97d6b-42d7-4330-a1ff-f4fb0191b3ba,BA.1.17.2,0.0,,Omicron (BA.1-like),0.92,0.02,scorpio call: Alt alleles 54; Ref alleles 1; Amb alleles 1; Oth alleles 3,PUSHER-v1.8,4.0.2,0.3.16,v0.1.4,False,pass,Ambiguous_content:0.02,Usher placements: BA.1.17.2(1/1)
e9f9a981-aa9c-446e-b0fc-565734569d71,BA.1.15.1,0.0,,Omicron (BA.1-like),0.92,0.02,scorpio call: Alt alleles 54; Ref alleles 1; Amb alleles 1; Oth alleles 3,PUSHER-v1.8,4.0.2,0.3.16,v0.1.4,False,pass,Ambiguous_content:0.02,Usher placements: BA.1.15.1(1/1)
589555f5-ed65-454c-8235-18bf0b8c9f3d,BA.1,0.0,,Omicron (BA.1-like),0.92,0.02,scorpio call: Alt alleles 54; Ref alleles 1; Amb alleles 1; Oth alleles 3,PUSHER-v1.8,4.0.2,0.3.16,v0.1.4,False,pass,Ambiguous_content:0.03,Usher placements: BA.1(1/1)
e5f825e6-228e-49ff-bd46-7b9fd4e4c3fd,BA.1.17.2,0.0,,Omicron (BA.1-like),0.92,0.0,scorpio call: Alt alleles 54; Ref alleles 0; Amb alleles 2; Oth alleles 3,PUSHER-v1.8,4.0.2,0.3.16,v0.1.4,False,pass,Ambiguous_content:0.02,Usher placements: BA.1.17.2(1/1)
615586c5-e090-4382-805a-52b8abc1a60b,BA.1.15.1,0.0,,Omicron (BA.1-like),0.92,0.0,scorpio call: Alt alleles 54; Ref alleles 0; Amb alleles 2; Oth alleles 3,PUSHER-v1.8,4.0.2,0.3.16,v0.1.4,False,pass,Ambiguous_content:0.02,Usher placements: BA.1.15.1(1/1)
