taxon,lineage,conflict,ambiguity_score,scorpio_call,scorpio_support,scorpio_conflict,scorpio_notes,version,pangolin_version,scorpio_version,constellation_version,is_designated,qc_status,qc_notes,note
2cf78ed4-edae-4943-ab04-5d7a1e4cbdcb,B.1.1.7,0.0,,Alpha (B.1.1.7-like),0.96,0.04,scorpio call: Alt alleles 22; Ref alleles 1; Amb alleles 0; Oth alleles 0,PUSHER-v1.9,4.0.2,0.3.16,v0.1.4,False,pass,Ambiguous_content:0.02,Usher placements: B.1.1.7(1/1)
b833399a-4d49-4d00-abdb-39d5086a5a0d,B.1.1.7,0.0,,Alpha (B.1.1.7-like),0.96,0.04,scorpio call: Alt alleles 22; Ref alleles 1; Amb alleles 0; Oth alleles 0,PUSHER-v1.9,4.0.2,0.3.16,v0.1.4,False,pass,Ambiguous_content:0.02,Usher placements: B.1.1.7(1/1)
