sample_id,pct_N_bases,pct_covered_bases,longest_no_N_run,num_aligned_reads,qc_pass,lineage,conflict,ambiguity_score,scorpio_call,scorpio_support,scorpio_conflict,scorpio_notes,version,pangolin_version,scorpio_version,constellation_version,is_designated,qc_status,qc_notes,note
9729bce7-f0a9-4617-b6e0-6145307741d1,1.71,98.27,21604,265622,True,AY.6,0.0,,Delta (B.1.617.2-like),0.77,0.0,scorpio call: Alt alleles 10; Ref alleles 0; Amb alleles 3; Oth alleles 0,PUSHER-v1.2.133,4.0.2,0.3.16,v0.1.4,False,pass,Ambiguous_content:0.03,Usher placements: AY.6(1/1)
aff01b7c-8a0a-40bf-927a-0548add8ea5a,2.44,97.49,10310,274102,True,AY.98,0.0,,Delta (B.1.617.2-like),1.0,0.0,scorpio call: Alt alleles 13; Ref alleles 0; Amb alleles 0; Oth alleles 0,PUSHER-v1.2.133,4.0.2,0.3.16,v0.1.4,False,pass,Ambiguous_content:0.04,Usher placements: AY.98(1/1)
