primer_detected,total_num_primers,primer_numreads,primer_unique_numreads,primer_ambiguous_numreads
ARTIC_V4,4,0,0,1
