sample_id,pct_N_bases,pct_covered_bases,longest_no_N_run,num_aligned_reads,qc_pass,lineage,conflict,ambiguity_score,scorpio_call,scorpio_support,scorpio_conflict,scorpio_notes,version,pangolin_version,scorpio_version,constellation_version,is_designated,qc_status,qc_notes,note
0c0b5622-d63a-42cc-a804-13d71e1a5306,1.21,98.79,19359,502805,True,B.1.369,0.0,,,,,,PUSHER-v1.9,4.0.2,0.3.16,v0.1.4,False,pass,Ambiguous_content:0.03,Usher placements: B.1.369(1/1)
39330daf-8dc6-4faa-a2d0-a2c1c909ab3b,1.85,98.15,19222,495326,True,B.1,0.0,,,,,,PUSHER-v1.9,4.0.2,0.3.16,v0.1.4,False,pass,Ambiguous_content:0.03,Usher placements: B.1(2/2)
