primer_detected,total_num_primers,primer_numreads,primer_unique_numreads
Midnight-ONT_V2,4,0,0
