sample_name,pct_N_bases,pct_covered_bases,longest_no_N_run,num_aligned_reads,fasta,bam,qc_pass
9729bce7-f0a9-4617-b6e0-6145307741d1,1.71,98.27,21604,265622,9729bce7-f0a9-4617-b6e0-6145307741d1.primertrimmed.consensus.fa,9729bce7-f0a9-4617-b6e0-6145307741d1.mapped.primertrimmed.sorted.bam,TRUE
aff01b7c-8a0a-40bf-927a-0548add8ea5a,2.44,97.49,10310,274102,aff01b7c-8a0a-40bf-927a-0548add8ea5a.primertrimmed.consensus.fa,aff01b7c-8a0a-40bf-927a-0548add8ea5a.mapped.primertrimmed.sorted.bam,TRUE
